Microchip MPLAB XC8 Compiler V1.44 ()

Linker command line:

-W-3 --edf=C:\Program Files (x86)\Microchip\xc8\v1.44\dat\en_msgs.txt -cs \
  -h+dist/default/production\Wifi_test_210408.X.production.sym \
  --cmf=dist/default/production\Wifi_test_210408.X.production.cmf -z \
  -Q16F877A -oC:\Users\±èÁØ±Ô\AppData\Local\Temp\sb2o.2 \
  -Mdist/default/production/Wifi_test_210408.X.production.map -E1 -ver=XC8 \
  -ASTACK=0110h-016fh -pstack=STACK -ACODE=00h-07FFhx4 -ASTRCODE=00h-01FFFh \
  -ASTRING=00h-0FFhx32 -ACONST=00h-0FFhx32 -AENTRY=00h-0FFhx32 \
  -ACOMMON=070h-07Fh -ABANK0=020h-06Fh -ABANK1=0A0h-0EFh \
  -ABANK2=0110h-016Fh -ABANK3=0190h-01EFh \
  -ARAM=020h-06Fh,0A0h-0EFh,0110h-016Fh,0190h-01EFh \
  -AABS1=020h-07Fh,0A0h-0EFh,0110h-016Fh,0190h-01EFh -ASFR0=00h-01Fh \
  -ASFR1=080h-09Fh -ASFR2=0100h-010Fh -ASFR3=0180h-018Fh \
  -preset_vec=00h,intentry,init,end_init -ppowerup=CODE -pcinit=CODE \
  -pfunctab=ENTRY -ACONFIG=02007h-02007h -pconfig=CONFIG -DCONFIG=2 \
  -AIDLOC=02000h-02003h -pidloc=IDLOC -DIDLOC=2 -AEEDATA=00h-0FFh/02100h \
  -peeprom_data=EEDATA -DEEDATA=2 -DCODE=2 -DSTRCODE=2 -DSTRING=2 -DCONST=2 \
  -DENTRY=2 -k C:\Users\±èÁØ±Ô\AppData\Local\Temp\sb2o.obj \
  dist/default/production\Wifi_test_210408.X.production.obj 

Object code version is 3.11

Machine type is 16F877A



                Name                               Link     Load   Length Selector   Space Scale
C:\Users\±èÁØ±Ô\AppData\Local\Temp\sb2o.obj
                end_init                              0        0        3        0       0
                config                             2007     2007        1     400E       0
dist/default/production\Wifi_test_210408.X.production.obj
                cinit                               7E8      7E8       18      FD0       0
                text17                              363      363       18      6C6       0
                text16                              37B      37B       1A      6F6       0
                text15                              395      395       1A      72A       0
                text14                              31E      31E        B      63C       0
                text13                              4D6      4D6       71      9AC       0
                text12                              3F0      3F0       2F      7E0       0
                text11                              48C      48C       4A      918       0
                text10                              5BA      5BA       74      B74       0
                text9                               304      304        8      608       0
                text8                               3CD      3CD       23      79A       0
                text7                               314      314        A      628       0
                text6                               62E      62E       96      C5C       0
                text5                               41F      41F       31      83E       0
                text4                               450      450       3C      8A0       0
                text3                               547      547       73      A8E       0
                text2                               34E      34E       15      69C       0
                text1                               3AF      3AF       1E      75E       0
                maintext                            6C4      6C4      124      D88       0
                cstackBANK0                          20       20       1D       20       1
                cstackCOMMON                         70       70        D       70       1
                clrtext                             30C      30C        8      618       0
                inittext                            329      329       11      652       0
                dataBANK0                            54       54       14       20       1
                bssBANK0                             3D       3D       17       20       1
                stringtext                          800      800      516       10       0
                idataBANK0                          33A      33A       14      674       0

TOTAL           Name                               Link     Load   Length     Space
        CLASS   STACK          

        CLASS   CODE           
                end_init                              0        0        3         0
                cinit                               7E8      7E8       18         0
                text17                              363      363       18         0
                text16                              37B      37B       1A         0
                text15                              395      395       1A         0
                text14                              31E      31E        B         0
                text13                              4D6      4D6       71         0
                text12                              3F0      3F0       2F         0
                text11                              48C      48C       4A         0
                text10                              5BA      5BA       74         0
                text9                               304      304        8         0
                text8                               3CD      3CD       23         0
                text7                               314      314        A         0
                text6                               62E      62E       96         0
                text5                               41F      41F       31         0
                text4                               450      450       3C         0
                text3                               547      547       73         0
                text2                               34E      34E       15         0
                text1                               3AF      3AF       1E         0
                maintext                            6C4      6C4      124         0
                clrtext                             30C      30C        8         0
                inittext                            329      329       11         0
                idataBANK0                          33A      33A       14         0

        CLASS   STRCODE        
                stringtext                          800      800      516         0

        CLASS   STRING         

        CLASS   CONST          

        CLASS   ENTRY          

        CLASS   COMMON         
                cstackCOMMON                         70       70        D         1

        CLASS   BANK0          
                cstackBANK0                          20       20       1D         1
                dataBANK0                            54       54       14         1
                bssBANK0                             3D       3D       17         1

        CLASS   BANK1          

        CLASS   BANK2          

        CLASS   BANK3          

        CLASS   RAM            

        CLASS   ABS1           
                abs_s1                               7E       7E        2         1

        CLASS   SFR0           

        CLASS   SFR1           

        CLASS   SFR2           

        CLASS   SFR3           

        CLASS   CONFIG         
                config                             2007     2007        1         0

        CLASS   IDLOC          

        CLASS   EEDATA         



SEGMENTS        Name                           Load    Length   Top    Selector   Space  Class     Delta

                reset_vec                      000000  000003  000003         0       0  CODE        2
                cstackBANK0                    000020  000048  000068        20       1  BANK0       1
                cstackCOMMON                   000070  00000D  00007D        70       1  COMMON      1
                text9                          000304  000008  00030C       608       0  CODE        2
                clrtext                        00030C  000008  000314       618       0  CODE        2
                text7                          000314  00000A  00031E       628       0  CODE        2
                text14                         00031E  00000B  000329       63C       0  CODE        2
                inittext                       000329  000011  00033A       652       0  CODE        2
                idataBANK0                     00033A  000014  00034E       674       0  CODE        2
                text2                          00034E  000015  000363       69C       0  CODE        2
                text17                         000363  000018  00037B       6C6       0  CODE        2
                text16                         00037B  00001A  000395       6F6       0  CODE        2
                text15                         000395  00001A  0003AF       72A       0  CODE        2
                text1                          0003AF  00001E  0003CD       75E       0  CODE        2
                text8                          0003CD  000023  0003F0       79A       0  CODE        2
                text12                         0003F0  00002F  00041F       7E0       0  CODE        2
                text5                          00041F  000031  000450       83E       0  CODE        2
                text4                          000450  00003C  00048C       8A0       0  CODE        2
                text11                         00048C  00004A  0004D6       918       0  CODE        2
                text13                         0004D6  000071  000547       9AC       0  CODE        2
                text3                          000547  000073  0005BA       A8E       0  CODE        2
                text10                         0005BA  000074  00062E       B74       0  CODE        2
                text6                          00062E  000096  0006C4       C5C       0  CODE        2
                maintext                       0006C4  000124  0007E8       D88       0  CODE        2
                cinit                          0007E8  000018  000800       FD0       0  CODE        2
                stringtext                     000800  000516  000D16        10       0  STRCODE     2
                config                         002007  000001  002008      400E       0  CONFIG      2


UNUSED ADDRESS RANGES

        Name                Unused          Largest block    Delta
        BANK0            0068-006F              8           1
        BANK1            00A0-00EF             50           1
        BANK2            0110-016F             60           1
        BANK3            0190-01EF             60           1
        CODE             0003-0303            301           2
                         0D16-1FFF            800
        COMMON           007D-007D              1           1
        CONST            0003-0303            100           2
                         0D16-1FFF            100
        EEDATA           2100-21FF            100           2
        ENTRY            0003-0303            100           2
                         0D16-1FFF            100
        IDLOC            2000-2003              4           2
        RAM              0068-006F              8           1
                         00A0-00EF             50
                         0110-016F             60
                         0190-01EF             60
        SFR0             0000-001F             20           1
        SFR1             0080-009F             20           1
        SFR2             0100-010F             10           1
        SFR3             0180-018F             10           1
        STACK            0110-016F             60           1
        STRCODE          0003-0303            301           2
                         0D16-1FFF           12EA
        STRING           0003-0303            100           2
                         0D16-1FFF            100

                                  Symbol Table

?__esp8266_waitFor                        cstackCOMMON 0070
?_esp8266_getAPI                          cstackCOMMON 0076
Lcd_Cmd@a                                 cstackCOMMON 0073
Lcd_Print_Char@Lower_Nibble               cstackCOMMON 0072
Lcd_Print_Char@Upper_Nibble               cstackCOMMON 0073
Lcd_Print_Char@data                       cstackCOMMON 0074
Lcd_Print_Char@i                          cstackCOMMON 0075
Lcd_Print_Char@i_392                      cstackCOMMON 0077
Lcd_Print_String@a                        cstackCOMMON 0079
Lcd_Print_String@i                        cstackCOMMON 007B
Lcd_SetBit@data_bit                       cstackCOMMON 0070
Lcd_Set_Cursor@a                          cstackCOMMON 0077
Lcd_Set_Cursor@b                          cstackCOMMON 0074
Lcd_Set_Cursor@temp                       cstackCOMMON 007A
Lcd_Set_Cursor@y                          cstackCOMMON 0079
Lcd_Set_Cursor@z                          cstackCOMMON 0078
Lcd_Start@i                               cstackCOMMON 0076
_BRGH                                     (abs)        04C2
_CREN                                     (abs)        00C4
_Initialize_ESP8266                       text17       0363
_Lcd_Clear                                text14       031E
_Lcd_Cmd                                  text15       0395
_Lcd_Print_Char                           text13       04D6
_Lcd_Print_String                         text12       03F0
_Lcd_SetBit                               text16       037B
_Lcd_Set_Cursor                           text11       048C
_Lcd_Start                                text10       05BA
_OERR                                     (abs)        00C1
_PORTAbits                                (abs)        0005
_PORTD                                    (abs)        0008
_RCIF                                     (abs)        0065
_RCREG                                    (abs)        001A
_RD2                                      (abs)        0042
_RD3                                      (abs)        0043
_RD4                                      (abs)        0044
_RD5                                      (abs)        0045
_RD6                                      (abs)        0046
_RD7                                      (abs)        0047
_RX9                                      (abs)        00C6
_SPBRG                                    (abs)        0099
_SPEN                                     (abs)        00C7
_SYNC                                     (abs)        04C4
_TRISCbits                                (abs)        0087
_TRISD                                    (abs)        0088
_TX9                                      (abs)        04C6
_TXEN                                     (abs)        04C5
_TXIF                                     (abs)        0064
_TXREG                                    (abs)        0019
__CFG_BOREN$OFF                           (abs)        0000
__CFG_CP$OFF                              (abs)        0000
__CFG_CPD$OFF                             (abs)        0000
__CFG_FOSC$HS                             (abs)        0000
__CFG_LVP$OFF                             (abs)        0000
__CFG_PWRTE$OFF                           (abs)        0000
__CFG_WDTE$OFF                            (abs)        0000
__CFG_WRT$OFF                             (abs)        0000
__Habs1                                   abs1         0000
__Hbank0                                  bank0        0000
__Hbank1                                  bank1        0000
__Hbank2                                  bank2        0000
__Hbank3                                  bank3        0000
__HbssBANK0                               bssBANK0     0000
__Hcinit                                  cinit        0800
__Hclrtext                                clrtext      0000
__Hcode                                   code         0000
__Hcommon                                 common       0000
__Hconfig                                 config       2008
__HcstackBANK0                            cstackBANK0  0000
__HcstackCOMMON                           cstackCOMMON 0000
__HdataBANK0                              dataBANK0    0000
__Heeprom_data                            eeprom_data  0000
__Hend_init                               end_init     0003
__Hfunctab                                functab      0000
__HidataBANK0                             idataBANK0   0000
__Hidloc                                  idloc        0000
__Hinit                                   init         0000
__Hinittext                               inittext     0000
__Hintentry                               intentry     0000
__Hmaintext                               maintext     0000
__Hpowerup                                powerup      0000
__Hram                                    ram          0000
__Hreset_vec                              reset_vec    0000
__Hsfr0                                   sfr0         0000
__Hsfr1                                   sfr1         0000
__Hsfr2                                   sfr2         0000
__Hsfr3                                   sfr3         0000
__Hspace_0                                (abs)        2008
__Hspace_1                                (abs)        007D
__Hspace_2                                (abs)        0000
__Hspace_3                                (abs)        0000
__Hstack                                  stack        0000
__Hstrings                                strings      0000
__Hstringtext                             stringtext   0000
__Htext                                   text         0000
__Labs1                                   abs1         0000
__Lbank0                                  bank0        0000
__Lbank1                                  bank1        0000
__Lbank2                                  bank2        0000
__Lbank3                                  bank3        0000
__LbssBANK0                               bssBANK0     0000
__Lcinit                                  cinit        07E8
__Lclrtext                                clrtext      0000
__Lcode                                   code         0000
__Lcommon                                 common       0000
__Lconfig                                 config       2007
__LcstackBANK0                            cstackBANK0  0000
__LcstackCOMMON                           cstackCOMMON 0000
__LdataBANK0                              dataBANK0    0000
__Leeprom_data                            eeprom_data  0000
__Lend_init                               end_init     0000
__Lfunctab                                functab      0000
__LidataBANK0                             idataBANK0   0000
__Lidloc                                  idloc        0000
__Linit                                   init         0000
__Linittext                               inittext     0000
__Lintentry                               intentry     0000
__Lmaintext                               maintext     0000
__Lpowerup                                powerup      0000
__Lram                                    ram          0000
__Lreset_vec                              reset_vec    0000
__Lsfr0                                   sfr0         0000
__Lsfr1                                   sfr1         0000
__Lsfr2                                   sfr2         0000
__Lsfr3                                   sfr3         0000
__Lspace_0                                (abs)        0000
__Lspace_1                                (abs)        0000
__Lspace_2                                (abs)        0000
__Lspace_3                                (abs)        0000
__Lstack                                  stack        0000
__Lstrings                                strings      0000
__Lstringtext                             stringtext   0000
__Ltext                                   text         0000
__S0                                      (abs)        2008
__S1                                      (abs)        007D
__S2                                      (abs)        0000
__S3                                      (abs)        0000
___int_sp                                 stack        0000
___latbits                                (abs)        0002
___sp                                     stack        0000
__end_of_Initialize_ESP8266               text17       037B
__end_of_Lcd_Clear                        text14       0329
__end_of_Lcd_Cmd                          text15       03AF
__end_of_Lcd_Print_Char                   text13       0547
__end_of_Lcd_Print_String                 text12       041F
__end_of_Lcd_SetBit                       text16       0395
__end_of_Lcd_Set_Cursor                   text11       04D6
__end_of_Lcd_Start                        text10       062E
__end_of__esp8266_getch                   text7        031E
__end_of__esp8266_print                   text8        03F0
__end_of__esp8266_putch                   text9        030C
__end_of__esp8266_waitFor                 text4        048C
__end_of__esp8266_waitResponse            text6        06C4
__end_of__esp8266_waitResponse2@lengths   stringtext   0830
__end_of__esp8266_waitResponse2@responses stringtext   082C
__end_of__esp8266_waitResponse@lengths    stringtext   0828
__end_of__esp8266_waitResponse@responses  stringtext   0822
__end_of__initialization                  cinit        07FC
__end_of__stringtab                       stringtext   0812
__end_of_dpowers                          stringtext   081C
__end_of_esp8266_config_Station           text5        0450
__end_of_esp8266_getAPI                   text3        05BA
__end_of_esp8266_isStarted                text2        0363
__end_of_esp8266_mode                     text1        03CD
__end_of_main                             maintext     07E8
__esp8266_getch                           text7        0314
__esp8266_print                           text8        03CD
__esp8266_print@ptr                       cstackCOMMON 0071
__esp8266_putch                           text9        0304
__esp8266_putch@bt                        cstackCOMMON 0070
__esp8266_waitFor                         text4        0450
__esp8266_waitFor@counter                 cstackCOMMON 0073
__esp8266_waitFor@received                cstackCOMMON 0075
__esp8266_waitFor@so_far                  cstackCOMMON 0076
__esp8266_waitFor@string                  cstackCOMMON 0070
__esp8266_waitResponse                    text6        062E
__esp8266_waitResponse2@F1419             bssBANK0     004E
__esp8266_waitResponse2@F1422             dataBANK0    0060
__esp8266_waitResponse2@lengths           stringtext   082C
__esp8266_waitResponse2@responses         stringtext   0828
__esp8266_waitResponse@F1404              bssBANK0     003D
__esp8266_waitResponse@F1407              dataBANK0    0054
__esp8266_waitResponse@continue_loop      cstackBANK0  0034
__esp8266_waitResponse@i                  cstackBANK0  0035
__esp8266_waitResponse@lengths            stringtext   0822
__esp8266_waitResponse@received           cstackBANK0  0032
__esp8266_waitResponse@response           cstackBANK0  0033
__esp8266_waitResponse@responses          stringtext   081C
__esp8266_waitResponse@so_far             cstackBANK0  002C
__esp8266_waitResponse@strings            cstackBANK0  0020
__initialization                          cinit        07E8
__pbssBANK0                               bssBANK0     003D
__pcstackBANK0                            cstackBANK0  0020
__pcstackCOMMON                           cstackCOMMON 0070
__pdataBANK0                              dataBANK0    0054
__pidataBANK0                             idataBANK0   033A
__pmaintext                               maintext     06C4
__pstringtext                             stringtext   0800
__ptext1                                  text1        03AF
__ptext10                                 text10       05BA
__ptext11                                 text11       048C
__ptext12                                 text12       03F0
__ptext13                                 text13       04D6
__ptext14                                 text14       031E
__ptext15                                 text15       0395
__ptext16                                 text16       037B
__ptext17                                 text17       0363
__ptext2                                  text2        034E
__ptext3                                  text3        0547
__ptext4                                  text4        0450
__ptext5                                  text5        041F
__ptext6                                  text6        062E
__ptext7                                  text7        0314
__ptext8                                  text8        03CD
__ptext9                                  text9        0304
__size_of_Initialize_ESP8266              (abs)        0000
__size_of_Lcd_Clear                       (abs)        0000
__size_of_Lcd_Cmd                         (abs)        0000
__size_of_Lcd_Print_Char                  (abs)        0000
__size_of_Lcd_Print_String                (abs)        0000
__size_of_Lcd_SetBit                      (abs)        0000
__size_of_Lcd_Set_Cursor                  (abs)        0000
__size_of_Lcd_Start                       (abs)        0000
__size_of__esp8266_getch                  (abs)        0000
__size_of__esp8266_print                  (abs)        0000
__size_of__esp8266_putch                  (abs)        0000
__size_of__esp8266_waitFor                (abs)        0000
__size_of__esp8266_waitResponse           (abs)        0000
__size_of_esp8266_config_Station          (abs)        0000
__size_of_esp8266_getAPI                  (abs)        0000
__size_of_esp8266_isStarted               (abs)        0000
__size_of_esp8266_mode                    (abs)        0000
__size_of_main                            (abs)        0000
__stringbase                              stringtext   0812
__stringtab                               stringtext   0800
_dpowers                                  stringtext   0812
_esp8266_config_Station                   text5        041F
_esp8266_getAPI                           text3        0547
_esp8266_isStarted                        text2        034E
_esp8266_mode                             text1        03AF
_len                                      bssBANK0     0052
_main                                     maintext     06C4
btemp                                     (abs)        007E
clear_ram0                                clrtext      030C
end_of_initialization                     cinit        07FC
esp8266_config_Station@softpass           cstackCOMMON 0076
esp8266_config_Station@softssid           cstackCOMMON 0074
esp8266_getAPI@api                        cstackBANK0  0020
esp8266_getAPI@data                       cstackBANK0  0020
esp8266_getAPI@i                          cstackBANK0  0022
esp8266_mode@mode                         cstackCOMMON 0074
esp8266_send@F1388                        bssBANK0     0043
esp8266_start@F1383                       bssBANK0     0049
init_fetch0                               inittext     0329
init_ram0                                 inittext     032D
intlevel0                                 functab      0000
intlevel1                                 functab      0000
intlevel2                                 functab      0000
intlevel3                                 functab      0000
intlevel4                                 functab      0000
intlevel5                                 functab      0000
main@a                                    cstackBANK0  003B
main@apiapi1                              cstackBANK0  0039
main@test1                                cstackBANK0  003C
reset_vec                                 reset_vec    0000
stackhi                                   (abs)        0000
stacklo                                   (abs)        0000
start                                     init         0000
start_initialization                      cinit        07E8
wtemp0                                    (abs)        007E


FUNCTION INFORMATION:

 *************** function _main *****************
 Defined at:
		line 216 in file "Main_Wifi_test_210408.c"
 Parameters:    Size  Location     Type
		None
 Auto vars:     Size  Location     Type
  apiapi1         2   25[BANK0 ] int 
  test1           1   28[BANK0 ] unsigned char 
  a               1   27[BANK0 ] unsigned char 
 Return value:  Size  Location     Type
                  1    wreg      void 
 Registers used:
		wreg, fsr0l, fsr0h, status,2, status,0, btemp+1, pclath, cstack
 Tracked objects:
		On entry : 
		On exit  : 
		Unchanged: 
 Data sizes:     COMMON   BANK0   BANK1   BANK3   BANK2
      Params:         0       0       0       0       0
      Locals:         0       4       0       0       0
      Temps:          0       3       0       0       0
      Totals:         0       7       0       0       0
Total ram usage:        7 bytes
 Hardware stack levels required when called:    3
 This function calls:
		_Initialize_ESP8266
		_Lcd_Clear
		_Lcd_Print_String
		_Lcd_Set_Cursor
		_Lcd_Start
		_esp8266_config_Station
		_esp8266_getAPI
		_esp8266_isStarted
		_esp8266_mode
 This function is called by:
		Startup code after reset
 This function uses a non-reentrant model


 *************** function _esp8266_mode *****************
 Defined at:
		line 526 in file "ESP8266_functions_0318.h"
 Parameters:    Size  Location     Type
  mode            1    wreg     unsigned char 
 Auto vars:     Size  Location     Type
  mode            1    4[COMMON] unsigned char 
 Return value:  Size  Location     Type
                  1    wreg      void 
 Registers used:
		wreg, fsr0l, fsr0h, status,2, status,0, btemp+1, pclath, cstack
 Tracked objects:
		On entry : 
		On exit  : 
		Unchanged: 
 Data sizes:     COMMON   BANK0   BANK1   BANK3   BANK2
      Params:         0       0       0       0       0
      Locals:         1       0       0       0       0
      Temps:          0       0       0       0       0
      Totals:         1       0       0       0       0
Total ram usage:        1 bytes
 Hardware stack levels used:    1
 Hardware stack levels required when called:    2
 This function calls:
		__esp8266_print
		__esp8266_putch
		__esp8266_waitResponse
 This function is called by:
		_main
		_inicia_esp8266
 This function uses a non-reentrant model


 *************** function _esp8266_isStarted *****************
 Defined at:
		line 474 in file "ESP8266_functions_0318.h"
 Parameters:    Size  Location     Type
		None
 Auto vars:     Size  Location     Type
		None
 Return value:  Size  Location     Type
		None               void
 Registers used:
		wreg, fsr0l, fsr0h, status,2, status,0, btemp+1, pclath, cstack
 Tracked objects:
		On entry : 
		On exit  : 
		Unchanged: 
 Data sizes:     COMMON   BANK0   BANK1   BANK3   BANK2
      Params:         0       0       0       0       0
      Locals:         0       0       0       0       0
      Temps:          0       0       0       0       0
      Totals:         0       0       0       0       0
Total ram usage:        0 bytes
 Hardware stack levels used:    1
 Hardware stack levels required when called:    2
 This function calls:
		__esp8266_print
		__esp8266_waitResponse
 This function is called by:
		_main
 This function uses a non-reentrant model


 *************** function _esp8266_getAPI *****************
 Defined at:
		line 957 in file "ESP8266_functions_0318.h"
 Parameters:    Size  Location     Type
		None
 Auto vars:     Size  Location     Type
  i               2    2[BANK0 ] unsigned int 
  api             2    0[BANK0 ] PTR unsigned char 
		 -> esp8266_getAPI@data(0), 
  data            0    0[BANK0 ] unsigned char [0]
 Return value:  Size  Location     Type
                  2    6[COMMON] PTR const unsigned char 
 Registers used:
		wreg, fsr0l, fsr0h, status,2, status,0, btemp+1, pclath, cstack
 Tracked objects:
		On entry : 
		On exit  : 
		Unchanged: 
 Data sizes:     COMMON   BANK0   BANK1   BANK3   BANK2
      Params:         0       0       0       0       0
      Locals:         0       4       0       0       0
      Temps:          5       0       0       0       0
      Totals:         5       4       0       0       0
Total ram usage:        9 bytes
 Hardware stack levels used:    1
 Hardware stack levels required when called:    2
 This function calls:
		__esp8266_getch
		__esp8266_print
		__esp8266_waitFor
 This function is called by:
		_main
 This function uses a non-reentrant model


 *************** function __esp8266_waitFor *****************
 Defined at:
		line 738 in file "ESP8266_functions_0318.h"
 Parameters:    Size  Location     Type
  string          2    0[COMMON] PTR unsigned char 
		 -> STR_108(3), STR_106(3), STR_104(3), STR_101(3), 
		 -> STR_70(3), STR_69(5), STR_68(6), STR_64(3), 
		 -> STR_55(3), STR_53(3), STR_46(3), 
 Auto vars:     Size  Location     Type
  counter         2    3[COMMON] unsigned int 
  so_far          1    6[COMMON] unsigned char 
  received        1    5[COMMON] unsigned char 
 Return value:  Size  Location     Type
                  2    0[COMMON] unsigned int 
 Registers used:
		wreg, fsr0l, fsr0h, status,2, status,0, btemp+1, pclath, cstack
 Tracked objects:
		On entry : 
		On exit  : 
		Unchanged: 
 Data sizes:     COMMON   BANK0   BANK1   BANK3   BANK2
      Params:         2       0       0       0       0
      Locals:         4       0       0       0       0
      Temps:          1       0       0       0       0
      Totals:         7       0       0       0       0
Total ram usage:        7 bytes
 Hardware stack levels used:    1
 Hardware stack levels required when called:    1
 This function calls:
		__esp8266_getch
 This function is called by:
		_esp8266_getAPI
		_esp8266_echoCmds
		_esp8266_disconnect
		_esp8266_ip
		_esp8266_InfCon
		_esp8266_receive
		_esp8266_Client_Request
 This function uses a non-reentrant model


 *************** function _esp8266_config_Station *****************
 Defined at:
		line 236 in file "ESP8266_functions_0318.h"
 Parameters:    Size  Location     Type
  softssid        2    4[COMMON] PTR unsigned char 
		 -> STR_122(4), 
  softpass        2    6[COMMON] PTR unsigned char 
		 -> STR_123(9), 
 Auto vars:     Size  Location     Type
		None
 Return value:  Size  Location     Type
                  1    wreg      unsigned char 
 Registers used:
		wreg, fsr0l, fsr0h, status,2, status,0, btemp+1, pclath, cstack
 Tracked objects:
		On entry : 
		On exit  : 
		Unchanged: 
 Data sizes:     COMMON   BANK0   BANK1   BANK3   BANK2
      Params:         4       0       0       0       0
      Locals:         0       0       0       0       0
      Temps:          0       0       0       0       0
      Totals:         4       0       0       0       0
Total ram usage:        4 bytes
 Hardware stack levels used:    1
 Hardware stack levels required when called:    2
 This function calls:
		__esp8266_print
		__esp8266_waitResponse
 This function is called by:
		_main
 This function uses a non-reentrant model


 *************** function __esp8266_waitResponse *****************
 Defined at:
		line 772 in file "ESP8266_functions_0318.h"
 Parameters:    Size  Location     Type
		None
 Auto vars:     Size  Location     Type
  i               1   21[BANK0 ] unsigned char 
  strings        12    0[BANK0 ] PTR const unsigned char 
		 -> STR_76(7), STR_75(7), STR_74(10), STR_73(5), 
		 -> STR_72(6), STR_71(3), 
  so_far          6   12[BANK0 ] unsigned char [6]
  continue_loo    1   20[BANK0 ] unsigned char 
  response        1   19[BANK0 ] unsigned char 
  received        1   18[BANK0 ] unsigned char 
 Return value:  Size  Location     Type
                  1    wreg      unsigned char 
 Registers used:
		wreg, fsr0l, fsr0h, status,2, status,0, btemp+1, pclath, cstack
 Tracked objects:
		On entry : 
		On exit  : 
		Unchanged: 
 Data sizes:     COMMON   BANK0   BANK1   BANK3   BANK2
      Params:         0       0       0       0       0
      Locals:         0      22       0       0       0
      Temps:          4       0       0       0       0
      Totals:         4      22       0       0       0
Total ram usage:       26 bytes
 Hardware stack levels used:    1
 Hardware stack levels required when called:    1
 This function calls:
		__esp8266_getch
 This function is called by:
		_esp8266_config_Station
		_esp8266_isStarted
		_esp8266_mode
		_esp8266_config_softAP
		__esp8266_enale_MUX
		__esp8266_create_server
		__esp8266_start_mail
		__esp8266_End_mail
		__esp8266_disconnect_SMPT2GO
		__esp8266_connect_SMPT2GO
		__esp8266_login_mail
		__esp8266_mail_sendID
		__esp8266_mail_recID
		__esp8266_mail_subject
		__esp8266_mail_body
		_esp8266_restart
		_esp8266_connect
		_esp8266_start
		_esp8266_send
 This function uses a non-reentrant model


 *************** function __esp8266_getch *****************
 Defined at:
		line 193 in file "ESP8266_functions_0318.h"
 Parameters:    Size  Location     Type
		None
 Auto vars:     Size  Location     Type
		None
 Return value:  Size  Location     Type
                  1    wreg      unsigned char 
 Registers used:
		wreg
 Tracked objects:
		On entry : 
		On exit  : 
		Unchanged: 
 Data sizes:     COMMON   BANK0   BANK1   BANK3   BANK2
      Params:         0       0       0       0       0
      Locals:         0       0       0       0       0
      Temps:          0       0       0       0       0
      Totals:         0       0       0       0       0
Total ram usage:        0 bytes
 Hardware stack levels used:    1
 This function calls:
		Nothing
 This function is called by:
		__esp8266_waitFor
		__esp8266_waitResponse
		_esp8266_getAPI
		_esp8266_get_stationIP
		_esp8266_ip
		_esp8266_InfCon
		_esp8266_send
		_esp8266_receive
		__esp8266_waitResponse2
		_ESP8266_print_1
		_ESP8266_check_Mode
		_esp8266_get_stationIP1
 This function uses a non-reentrant model


 *************** function __esp8266_print *****************
 Defined at:
		line 722 in file "ESP8266_functions_0318.h"
 Parameters:    Size  Location     Type
  ptr             2    1[COMMON] PTR const unsigned char 
		 -> STR_123(9), STR_122(4), STR_112(13), STR_111(3), 
		 -> STR_110(17), STR_109(52), STR_107(16), STR_105(39), 
		 -> STR_103(14), STR_102(16), STR_100(3), STR_99(5), 
		 -> STR_98(4), STR_97(4), STR_96(5), STR_95(5), 
		 -> STR_94(16), STR_93(15), STR_92(14), STR_87(16), 
		 -> STR_86(16), STR_85(32), STR_84(32), STR_83(58), 
		 -> STR_82(57), STR_81(58), STR_80(57), STR_79(33), 
		 -> STR_78(95), STR_77(19), STR_67(3), STR_66(12), 
		 -> esp8266_send@length_str(6), STR_63(15), STR_62(3), esp8266_start@port_str(5), 
		 -> STR_60(3), STR_59(4), STR_58(4), STR_57(4), 
		 -> STR_56(14), STR_54(11), STR_52(11), STR_51(4), 
		 -> STR_50(4), STR_49(11), STR_48(3), STR_47(11), 
		 -> STR_45(3), STR_44(4), STR_43(9), STR_42(5), 
		 -> STR_41(3), STR_40(3), STR_39(14), STR_38(3), 
		 -> STR_37(9), STR_36(3), STR_35(14), STR_34(4), 
		 -> STR_33(10), STR_32(3), STR_31(14), STR_30(4), 
		 -> STR_29(12), STR_28(3), STR_27(14), STR_26(3), 
		 -> STR_25(3), STR_24(14), STR_23(3), STR_22(3), 
		 -> STR_21(14), STR_20(13), STR_19(18), STR_18(21), 
		 -> STR_17(18), STR_16(46), STR_15(7), STR_14(17), 
		 -> STR_13(4), STR_12(17), STR_11(7), STR_10(17), 
		 -> STR_9(20), STR_8(14), STR_6(4), STR_5(4), 
		 -> STR_4(11), STR_3(8), STR_2(4), STR_1(11), 
 Auto vars:     Size  Location     Type
		None
 Return value:  Size  Location     Type
                  1    wreg      void 
 Registers used:
		wreg, fsr0l, fsr0h, status,2, status,0, btemp+1, pclath, cstack
 Tracked objects:
		On entry : 
		On exit  : 
		Unchanged: 
 Data sizes:     COMMON   BANK0   BANK1   BANK3   BANK2
      Params:         2       0       0       0       0
      Locals:         0       0       0       0       0
      Temps:          0       0       0       0       0
      Totals:         2       0       0       0       0
Total ram usage:        2 bytes
 Hardware stack levels used:    1
 Hardware stack levels required when called:    1
 This function calls:
		__esp8266_putch
 This function is called by:
		_esp8266_config_Station
		_esp8266_isStarted
		_esp8266_mode
		_esp8266_getAPI
		_esp8266_config_softAP
		__esp8266_enale_MUX
		__esp8266_create_server
		__esp8266_start_mail
		__esp8266_End_mail
		__esp8266_disconnect_SMPT2GO
		__esp8266_connect_SMPT2GO
		__esp8266_login_mail
		__esp8266_mail_sendID
		__esp8266_mail_recID
		__esp8266_mail_subject
		__esp8266_mail_body
		_esp8266_restart
		_esp8266_echoCmds
		_esp8266_connect
		_esp8266_disconnect
		_esp8266_ip
		_esp8266_start
		_esp8266_InfCon
		_esp8266_send
		_envia_pagina
		_esp8266_Client_Request
		_esp8266_current_time
		_ESP8266_print_1
		_ESP8266_check_Mode
 This function uses a non-reentrant model


 *************** function __esp8266_putch *****************
 Defined at:
		line 180 in file "ESP8266_functions_0318.h"
 Parameters:    Size  Location     Type
  bt              1    wreg     unsigned char 
 Auto vars:     Size  Location     Type
  bt              1    0[COMMON] unsigned char 
 Return value:  Size  Location     Type
                  1    wreg      void 
 Registers used:
		wreg
 Tracked objects:
		On entry : 
		On exit  : 
		Unchanged: 
 Data sizes:     COMMON   BANK0   BANK1   BANK3   BANK2
      Params:         0       0       0       0       0
      Locals:         1       0       0       0       0
      Temps:          0       0       0       0       0
      Totals:         1       0       0       0       0
Total ram usage:        1 bytes
 Hardware stack levels used:    1
 This function calls:
		Nothing
 This function is called by:
		_esp8266_mode
		__esp8266_print
		_ESP8266_send_string
		__esp8266_login_mail
		__esp8266_mail_sendID
		__esp8266_mail_recID
		__esp8266_mail_subject
		__esp8266_mail_body
		_esp8266_echoCmds
 This function uses a non-reentrant model


 *************** function _Lcd_Start *****************
 Defined at:
		line 105 in file "Main_Wifi_test_210408.c"
 Parameters:    Size  Location     Type
		None
 Auto vars:     Size  Location     Type
  i               2    6[COMMON] int 
 Return value:  Size  Location     Type
                  1    wreg      void 
 Registers used:
		wreg, status,2, status,0, btemp+1, pclath, cstack
 Tracked objects:
		On entry : 
		On exit  : 
		Unchanged: 
 Data sizes:     COMMON   BANK0   BANK1   BANK3   BANK2
      Params:         0       0       0       0       0
      Locals:         2       0       0       0       0
      Temps:          2       0       0       0       0
      Totals:         4       0       0       0       0
Total ram usage:        4 bytes
 Hardware stack levels used:    1
 Hardware stack levels required when called:    2
 This function calls:
		_Lcd_Cmd
		_Lcd_SetBit
 This function is called by:
		_main
 This function uses a non-reentrant model


 *************** function _Lcd_Set_Cursor *****************
 Defined at:
		line 84 in file "Main_Wifi_test_210408.c"
 Parameters:    Size  Location     Type
  a               1    wreg     unsigned char 
  b               1    4[COMMON] unsigned char 
 Auto vars:     Size  Location     Type
  a               1    7[COMMON] unsigned char 
  temp            1   10[COMMON] unsigned char 
  y               1    9[COMMON] unsigned char 
  z               1    8[COMMON] unsigned char 
 Return value:  Size  Location     Type
                  1    wreg      void 
 Registers used:
		wreg, status,2, status,0, pclath, cstack
 Tracked objects:
		On entry : 
		On exit  : 
		Unchanged: 
 Data sizes:     COMMON   BANK0   BANK1   BANK3   BANK2
      Params:         1       0       0       0       0
      Locals:         4       0       0       0       0
      Temps:          2       0       0       0       0
      Totals:         7       0       0       0       0
Total ram usage:        7 bytes
 Hardware stack levels used:    1
 Hardware stack levels required when called:    2
 This function calls:
		_Lcd_Cmd
 This function is called by:
		_main
		_ESP8266_print_1
		_ESP8266_check_Mode
		_esp8266_get_stationIP1
 This function uses a non-reentrant model


 *************** function _Lcd_Print_String *****************
 Defined at:
		line 139 in file "Main_Wifi_test_210408.c"
 Parameters:    Size  Location     Type
  a               2    9[COMMON] PTR unsigned char 
		 -> STR_126(6), STR_125(3), STR_124(14), STR_121(8), 
		 -> STR_120(11), STR_119(17), STR_118(14), STR_117(13), 
		 -> STR_115(5), STR_114(4), RAM(512), 
 Auto vars:     Size  Location     Type
  i               2   11[COMMON] int 
 Return value:  Size  Location     Type
                  1    wreg      void 
 Registers used:
		wreg, fsr0l, fsr0h, status,2, status,0, btemp+1, pclath, cstack
 Tracked objects:
		On entry : 
		On exit  : 
		Unchanged: 
 Data sizes:     COMMON   BANK0   BANK1   BANK3   BANK2
      Params:         2       0       0       0       0
      Locals:         2       0       0       0       0
      Temps:          0       0       0       0       0
      Totals:         4       0       0       0       0
Total ram usage:        4 bytes
 Hardware stack levels used:    1
 Hardware stack levels required when called:    2
 This function calls:
		_Lcd_Print_Char
 This function is called by:
		_main
		_esp8266_get_stationIP1
 This function uses a non-reentrant model


 *************** function _Lcd_Print_Char *****************
 Defined at:
		line 123 in file "Main_Wifi_test_210408.c"
 Parameters:    Size  Location     Type
  data            1    wreg     unsigned char 
 Auto vars:     Size  Location     Type
  data            1    4[COMMON] unsigned char 
  i               2    7[COMMON] int 
  i               2    5[COMMON] int 
  Upper_Nibble    1    3[COMMON] unsigned char 
  Lower_Nibble    1    2[COMMON] unsigned char 
 Return value:  Size  Location     Type
                  1    wreg      void 
 Registers used:
		wreg, status,2, status,0, btemp+1, pclath, cstack
 Tracked objects:
		On entry : 
		On exit  : 
		Unchanged: 
 Data sizes:     COMMON   BANK0   BANK1   BANK3   BANK2
      Params:         0       0       0       0       0
      Locals:         7       0       0       0       0
      Temps:          1       0       0       0       0
      Totals:         8       0       0       0       0
Total ram usage:        8 bytes
 Hardware stack levels used:    1
 Hardware stack levels required when called:    1
 This function calls:
		_Lcd_SetBit
 This function is called by:
		_Lcd_Print_String
		_ESP8266_print_1
 This function uses a non-reentrant model


 *************** function _Lcd_Clear *****************
 Defined at:
		line 78 in file "Main_Wifi_test_210408.c"
 Parameters:    Size  Location     Type
		None
 Auto vars:     Size  Location     Type
		None
 Return value:  Size  Location     Type
                  2  302[None  ] int 
 Registers used:
		wreg, status,2, status,0, pclath, cstack
 Tracked objects:
		On entry : 
		On exit  : 
		Unchanged: 
 Data sizes:     COMMON   BANK0   BANK1   BANK3   BANK2
      Params:         0       0       0       0       0
      Locals:         0       0       0       0       0
      Temps:          0       0       0       0       0
      Totals:         0       0       0       0       0
Total ram usage:        0 bytes
 Hardware stack levels used:    1
 Hardware stack levels required when called:    2
 This function calls:
		_Lcd_Cmd
 This function is called by:
		_main
 This function uses a non-reentrant model


 *************** function _Lcd_Cmd *****************
 Defined at:
		line 69 in file "Main_Wifi_test_210408.c"
 Parameters:    Size  Location     Type
  a               1    wreg     unsigned char 
 Auto vars:     Size  Location     Type
  a               1    3[COMMON] unsigned char 
 Return value:  Size  Location     Type
                  1    wreg      void 
 Registers used:
		wreg, status,2, status,0, pclath, cstack
 Tracked objects:
		On entry : 
		On exit  : 
		Unchanged: 
 Data sizes:     COMMON   BANK0   BANK1   BANK3   BANK2
      Params:         0       0       0       0       0
      Locals:         1       0       0       0       0
      Temps:          2       0       0       0       0
      Totals:         3       0       0       0       0
Total ram usage:        3 bytes
 Hardware stack levels used:    1
 Hardware stack levels required when called:    1
 This function calls:
		_Lcd_SetBit
 This function is called by:
		_Lcd_Clear
		_Lcd_Set_Cursor
		_Lcd_Start
 This function uses a non-reentrant model


 *************** function _Lcd_SetBit *****************
 Defined at:
		line 46 in file "Main_Wifi_test_210408.c"
 Parameters:    Size  Location     Type
  data_bit        1    wreg     unsigned char 
 Auto vars:     Size  Location     Type
  data_bit        1    0[COMMON] unsigned char 
 Return value:  Size  Location     Type
                  1    wreg      void 
 Registers used:
		wreg
 Tracked objects:
		On entry : 
		On exit  : 
		Unchanged: 
 Data sizes:     COMMON   BANK0   BANK1   BANK3   BANK2
      Params:         0       0       0       0       0
      Locals:         1       0       0       0       0
      Temps:          0       0       0       0       0
      Totals:         1       0       0       0       0
Total ram usage:        1 bytes
 Hardware stack levels used:    1
 This function calls:
		Nothing
 This function is called by:
		_Lcd_Cmd
		_Lcd_Start
		_Lcd_Print_Char
 This function uses a non-reentrant model


 *************** function _Initialize_ESP8266 *****************
 Defined at:
		line 143 in file "ESP8266_functions_0318.h"
 Parameters:    Size  Location     Type
		None
 Auto vars:     Size  Location     Type
		None
 Return value:  Size  Location     Type
                  1    wreg      void 
 Registers used:
		wreg
 Tracked objects:
		On entry : 
		On exit  : 
		Unchanged: 
 Data sizes:     COMMON   BANK0   BANK1   BANK3   BANK2
      Params:         0       0       0       0       0
      Locals:         0       0       0       0       0
      Temps:          0       0       0       0       0
      Totals:         0       0       0       0       0
Total ram usage:        0 bytes
 Hardware stack levels used:    1
 This function calls:
		Nothing
 This function is called by:
		_main
 This function uses a non-reentrant model



MODULE INFORMATION

Module		Function		Class		Link	Load	Size
shared
		__esp8266_waitResponse@lengths		STRCODE        	0822	0000	7
		__esp8266_waitResponse2@lengths		STRCODE        	082C	0000	5
		__stringtab    		STRCODE        	0800	0000	19
		_dpowers       		STRCODE        	0812	0000	11
		__initialization		CODE           	07E8	0000	21
		__esp8266_waitResponse@responses		STRCODE        	081C	0000	7
		__esp8266_waitResponse2@responses		STRCODE        	0828	0000	5

shared estimated size: 75

Main_Wifi_test_210408.c
		_main          		CODE           	06C4	0000	293
		_Lcd_Cmd       		CODE           	0395	0000	27
		_Lcd_SetBit    		CODE           	037B	0000	27
		_Lcd_Start     		CODE           	05BA	0000	117
		_Lcd_Set_Cursor		CODE           	048C	0000	75
		_Lcd_Clear     		CODE           	031E	0000	12
		_Lcd_Print_String		CODE           	03F0	0000	48
		_Lcd_Print_Char		CODE           	04D6	0000	114

Main_Wifi_test_210408.c estimated size: 713

ESP8266_functions_0318.h
		__esp8266_getch		CODE           	0314	0000	11
		__esp8266_putch		CODE           	0304	0000	9
		__esp8266_print		CODE           	03CD	0000	36
		__esp8266_waitResponse		CODE           	062E	0000	151
		_esp8266_mode  		CODE           	03AF	0000	31
		_esp8266_getAPI		CODE           	0547	0000	116
		_esp8266_isStarted		CODE           	034E	0000	22
		_Initialize_ESP8266		CODE           	0363	0000	25
		_esp8266_config_Station		CODE           	041F	0000	50
		__esp8266_waitFor		CODE           	0450	0000	61

ESP8266_functions_0318.h estimated size: 512

